// Vitest Snapshot v1, https://vitest.dev/guide/snapshot.html

exports[`generatePlanMarkdown > matches structural snapshot 1`] = `
"# 비즈메카 인사 모듈 개편

> 개발2팀 · 작성자 전병일 · 작성일 2026-04-25

## 🌟 North Star

> 권한 변경 평균 처리 시간 1일 → 1시간

## 성공 지표

| 지표 | 목표값 | 측정방법 | 시점 |
|---|---|---|---|
| 권한 변경 처리 시간 | 1시간 이내 | 감사로그 집계 | 출시 후 4주 |

## 1. 배경 / 필요성

현행 권한 체계의 한계.
RBAC 도입 필요.

## 2. 목표

권한 관리 표준화

## 3. 범위

포함: 권한 모델 / 제외: 외부 SSO

## 4. 이해관계자

기획팀, 보안팀

## 5. 산출물

설계서, API, UI

## 6. 범위 외 (Non-goals)

외부 SSO 통합
모바일 전용 화면

## 7. 미결사항

- [ ] 외부 SSO 적용 시기는?
- [x] 권한 모델 명칭 표준?
  - **답변**: RBAC v2 채택

## 8. 일정 (2026-05-01 ~ 2026-07-31)

| # | 기간 | 제목 | 담당 | 상태 | 상세 |
|---|---|---|---|---|---|
| 1 | 05.01~05.07 | 현행 권한 분석 | 전병일 | 진행중 | DB 스키마 포함 |
| 2 | 05.08~05.12 | 사용자 인터뷰 | 김기획 | 예정 | - |

## 9. 리스크

데이터 마이그레이션 복잡도

## 10. 기타

(미입력)
"
`;
