// Vitest Snapshot v1, https://vitest.dev/guide/snapshot.html

exports[`generatePlanDocxBuffer > matches structural snapshot 1`] = `"<w:document <w:body <w:p <w:pPr <w:spacing <w:jc </w:pPr <w:r <w:rPr <w:b <w:bCs <w:sz <w:szCs </w:rPr <w:t </w:t </w:r </w:p <w:p <w:pPr <w:spacing <w:jc </w:pPr <w:r <w:rPr <w:b <w:bCs <w:sz <w:szCs </w:rPr <w:t </w:t </w:r </w:p <w:p <w:pPr <w:pStyle <w:spacing </w:pPr <w:r <w:rPr <w:b <w:bCs <w:sz <w:szCs </w:rPr <w:t </w:t </w:r </w:p <w:tbl <w:tblPr <w:tblW <w:tblBorders <w:top <w:left <w:bottom <w:right <w:insideH <w:insideV </w:tblBorders </w:tblPr <w:tblGrid <w:gridCol <w:gridCol <w:gridCol </w:tblGrid <w:tr <w:trPr <w:tblHeader </w:trPr <w:tc <w:tcPr <w:tcW <w:tcBorders <w:top <w:left <w:bottom <w:right </w:tcBorders <w:tcMar <w:top <w:left <w:bottom <w:right </w:tcMar <w:vAlign </w:tcPr <w:p <w:pPr <w:spacing <w:jc </w:pPr <w:r <w:rPr <w:b <w:bCs <w:sz <w:szCs </w:rPr"`;
