// Vitest Snapshot v1, https://vitest.dev/guide/snapshot.html

exports[`generatePlanMarkdown > matches structural snapshot 1`] = `
"# 비즈메카 인사 모듈 개편

> 개발2팀 · 작성자 전병일 · 작성일 2026-04-25

## 1. 배경 / 필요성

현행 권한 체계의 한계.
RBAC 도입 필요.

## 2. 목표

권한 관리 표준화

## 3. 범위

포함: 권한 모델 / 제외: 외부 SSO

## 4. 이해관계자

기획팀, 보안팀

## 5. 산출물

설계서, API, UI

## 6. 일정 (2026-05-01 ~ 2026-07-31)

### 1) 요구사항 확정 — 05.01~05.15
_이해관계자 인터뷰_

| 작업 | 담당 | 기간 | 상태 | 메모 |
|---|---|---|---|---|
| 현행 권한 분석 | 전병일 | 05.01~05.07 | 진행중 | DB 스키마 포함 |
| 사용자 인터뷰 | 김기획 | 05.08~05.12 | 예정 | - |

## 7. 리스크

데이터 마이그레이션 복잡도

## 8. 기타

(미입력)
"
`;
